src/__tests__/factories/attendance.factory.ts(85,7): error TS2412: Type 'undefined' is not assignable to type 'Date' with 'exactOptionalPropertyTypes: true'. Consider adding 'undefined' to the type of the target.
src/__tests__/factories/attendance.factory.ts(86,7): error TS2412: Type 'undefined' is not assignable to type 'Date | null' with 'exactOptionalPropertyTypes: true'. Consider adding 'undefined' to the type of the target.
src/__tests__/factories/employee.factory.ts(55,22): error TS18048: 'firstName' is possibly 'undefined'.
src/__tests__/factories/employee.factory.ts(55,49): error TS18048: 'lastName' is possibly 'undefined'.
src/__tests__/factories/factory-builder.ts(16,11): error TS6133: 'knex' is declared but its value is never read.
src/__tests__/factories/factory-builder.ts(130,77): error TS18048: 'designation' is possibly 'undefined'.
src/__tests__/factories/leave-type.factory.ts(44,13): error TS18048: 'leaveType' is possibly 'undefined'.
src/__tests__/factories/leave-type.factory.ts(45,13): error TS18048: 'leaveType' is possibly 'undefined'.
src/__tests__/factories/leave-type.factory.ts(46,23): error TS18048: 'leaveType' is possibly 'undefined'.
src/__tests__/factories/leave-type.factory.ts(47,21): error TS18048: 'leaveType' is possibly 'undefined'.
src/__tests__/factories/leave-type.factory.ts(48,28): error TS18048: 'leaveType' is possibly 'undefined'.
src/__tests__/factories/leave-type.factory.ts(50,16): error TS18048: 'leaveType' is possibly 'undefined'.
src/__tests__/factories/recruitment.factory.ts(33,40): error TS2314: Generic type 'BaseFactory<T>' requires 1 type argument(s).
src/__tests__/factories/recruitment.factory.ts(40,16): error TS2339: Property 'generateId' does not exist on type 'JobPostingFactory'.
src/__tests__/factories/recruitment.factory.ts(56,16): error TS2339: Property 'knex' does not exist on type 'JobPostingFactory'.
src/__tests__/factories/recruitment.factory.ts(56,26): error TS2339: Property 'tableName' does not exist on type 'JobPostingFactory'.
src/__tests__/factories/recruitment.factory.ts(61,39): error TS2314: Generic type 'BaseFactory<T>' requires 1 type argument(s).
src/__tests__/factories/recruitment.factory.ts(68,16): error TS2339: Property 'generateId' does not exist on type 'ApplicantFactory'.
src/__tests__/factories/recruitment.factory.ts(71,19): error TS2339: Property 'randomEmail' does not exist on type 'ApplicantFactory'.
src/__tests__/factories/recruitment.factory.ts(80,16): error TS2339: Property 'knex' does not exist on type 'ApplicantFactory'.
src/__tests__/factories/recruitment.factory.ts(80,26): error TS2339: Property 'tableName' does not exist on type 'ApplicantFactory'.
src/__tests__/factories/shift.factory.ts(42,13): error TS18048: 'shift' is possibly 'undefined'.
src/__tests__/factories/shift.factory.ts(43,13): error TS18048: 'shift' is possibly 'undefined'.
src/__tests__/factories/shift.factory.ts(44,19): error TS18048: 'shift' is possibly 'undefined'.
src/__tests__/factories/shift.factory.ts(45,17): error TS18048: 'shift' is possibly 'undefined'.
src/__tests__/factories/shift.factory.ts(46,23): error TS18048: 'shift' is possibly 'undefined'.
src/__tests__/utils/test-db.ts(10,11): error TS6133: 'environment' is declared but its value is never read.
src/__tests__/utils/test-helpers.ts(71,50): error TS2769: No overload matches this call.
  Overload 1 of 3, '(sql: string, binding: RawBinding): Raw<any>', gave the following error.
    Argument of type 'any[] | undefined' is not assignable to parameter of type 'RawBinding'.
      Type 'undefined' is not assignable to type 'RawBinding'.
  Overload 2 of 3, '(sql: string, bindings: readonly RawBinding[] | ValueDict): Raw<any>', gave the following error.
    Argument of type 'any[] | undefined' is not assignable to parameter of type 'readonly RawBinding[] | ValueDict'.
      Type 'undefined' is not assignable to type 'readonly RawBinding[] | ValueDict'.
src/__tests__/utils/test-helpers.ts(114,5): error TS2322: Type 'string | number' is not assignable to type 'number'.
  Type 'string' is not assignable to type 'number'.
src/__tests__/utils/test-helpers.ts(114,20): error TS4111: Property 'count' comes from an index signature, so it must be accessed with ['count'].
src/config/googleMaps.ts(13,23): error TS4111: Property 'GOOGLE_MAPS_API_KEY' comes from an index signature, so it must be accessed with ['GOOGLE_MAPS_API_KEY'].
src/config/googleMaps.ts(14,37): error TS4111: Property 'GOOGLE_MAPS_DISTANCE_MATRIX_API_KEY' comes from an index signature, so it must be accessed with ['GOOGLE_MAPS_DISTANCE_MATRIX_API_KEY'].
src/config/googleMaps.ts(17,24): error TS4111: Property 'GOOGLE_MAPS_ENABLED' comes from an index signature, so it must be accessed with ['GOOGLE_MAPS_ENABLED'].
src/config/googleMaps.ts(18,35): error TS4111: Property 'GEO_TRACKING_ENABLED' comes from an index signature, so it must be accessed with ['GEO_TRACKING_ENABLED'].
src/config/googleMaps.ts(22,34): error TS4111: Property 'TRAVEL_ALLOWANCE_RATE' comes from an index signature, so it must be accessed with ['TRAVEL_ALLOWANCE_RATE'].
src/config/googleMaps.ts(23,23): error TS4111: Property 'TRAVEL_ALLOWANCE_UNIT' comes from an index signature, so it must be accessed with ['TRAVEL_ALLOWANCE_UNIT'].
src/config/resilience.ts(8,30): error TS6133: 'ResilienceConfig' is declared but its value is never read.
src/controllers/dashboardController.ts(3,10): error TS2614: Module '"../config/knex"' has no exported member 'knex'. Did you mean to use 'import knex from "../config/knex"' instead?
src/controllers/dashboardController.ts(8,34): error TS6133: 'req' is declared but its value is never read.
src/controllers/dashboardController.ts(23,33): error TS6133: 'req' is declared but its value is never read.
src/controllers/dashboardController.ts(38,35): error TS6133: 'req' is declared but its value is never read.
src/controllers/dashboardController.ts(53,30): error TS6133: 'req' is declared but its value is never read.
src/controllers/dashboardController.ts(68,32): error TS6133: 'req' is declared but its value is never read.
src/controllers/dashboardController.ts(83,36): error TS6133: 'req' is declared but its value is never read.
src/controllers/documentController.ts(5,1): error TS6133: 'UserRole' is declared but its value is never read.
src/controllers/documentController.ts(97,63): error TS2345: Argument of type 'string | undefined' is not assignable to parameter of type 'string'.
  Type 'undefined' is not assignable to type 'string'.
src/controllers/documentController.ts(129,13): error TS6133: 'userRole' is declared but its value is never read.
src/controllers/documentController.ts(130,30): error TS4111: Property 'days' comes from an index signature, so it must be accessed with ['days'].
src/controllers/documentController.ts(130,56): error TS4111: Property 'days' comes from an index signature, so it must be accessed with ['days'].
src/controllers/esignatureController.ts(72,13): error TS2375: Type '{ method: any; signature_content: any; timestamp: Date; ip_address: string | undefined; user_agent: string | undefined; }' is not assignable to type 'SignatureData' with 'exactOptionalPropertyTypes: true'. Consider adding 'undefined' to the types of the target's properties.
  Types of property 'ip_address' are incompatible.
    Type 'string | undefined' is not assignable to type 'string'.
      Type 'undefined' is not assignable to type 'string'.
src/controllers/esignatureController.ts(233,37): error TS6133: 'req' is declared but its value is never read.
src/controllers/geoTrackingController.ts(6,10): error TS2724: '"../services/geoTrackingService"' has no exported member named 'GeoTrackingService'. Did you mean 'geoTrackingService'?
src/controllers/geoTrackingController.ts(8,10): error TS2614: Module '"../services/notificationService"' has no exported member 'NotificationService'. Did you mean to use 'import NotificationService from "../services/notificationService"' instead?
src/controllers/geoTrackingController.ts(14,11): error TS6133: 'geoTrackingService' is declared but its value is never read.
src/controllers/geoTrackingController.ts(30,9): error TS7030: Not all code paths return a value.
src/controllers/geoTrackingController.ts(55,9): error TS2353: Object literal may only specify known properties, and 'timestamp' does not exist in type '{ employeeId: string; latitude: number; longitude: number; accuracy?: number; altitude?: number; address?: string; action: "CheckIn" | "CheckOut" | "Journey" | "Manual"; journeyId?: string; metadata?: Record<...>; }'.
src/controllers/geoTrackingController.ts(85,9): error TS7030: Not all code paths return a value.
src/controllers/geoTrackingController.ts(90,36): error TS2769: No overload matches this call.
  Overload 1 of 4, '(value: string | number | Date): Date', gave the following error.
    Argument of type 'string | undefined' is not assignable to parameter of type 'string | number | Date'.
      Type 'undefined' is not assignable to type 'string | number | Date'.
  Overload 2 of 4, '(value: string | number): Date', gave the following error.
    Argument of type 'string | undefined' is not assignable to parameter of type 'string | number'.
      Type 'undefined' is not assignable to type 'string | number'.
src/controllers/geoTrackingController.ts(99,9): error TS2345: Argument of type 'string | undefined' is not assignable to parameter of type 'string'.
  Type 'undefined' is not assignable to type 'string'.
src/controllers/geoTrackingController.ts(104,9): error TS2345: Argument of type 'string | undefined' is not assignable to parameter of type 'string'.
  Type 'undefined' is not assignable to type 'string'.
src/controllers/geoTrackingController.ts(133,39): error TS2532: Object is possibly 'undefined'.
src/controllers/geoTrackingController.ts(143,9): error TS7030: Not all code paths return a value.
src/controllers/geoTrackingController.ts(146,15): error TS6133: 'approvedBy' is declared but its value is never read.
src/controllers/geoTrackingController.ts(149,60): error TS2345: Argument of type 'string | undefined' is not assignable to parameter of type 'string'.
  Type 'undefined' is not assignable to type 'string'.
src/controllers/geoTrackingController.ts(157,9): error TS2345: Argument of type 'string | undefined' is not assignable to parameter of type 'string'.
  Type 'undefined' is not assignable to type 'string'.
src/controllers/geoTrackingController.ts(196,9): error TS7030: Not all code paths return a value.
src/controllers/geoTrackingController.ts(199,30): error TS4111: Property 'year' comes from an index signature, so it must be accessed with ['year'].
src/controllers/geoTrackingController.ts(199,56): error TS4111: Property 'year' comes from an index signature, so it must be accessed with ['year'].
src/controllers/geoTrackingController.ts(201,33): error TS2345: Argument of type 'string | undefined' is not assignable to parameter of type 'string'.
  Type 'undefined' is not assignable to type 'string'.
src/controllers/geoTrackingController.ts(210,9): error TS2345: Argument of type 'string | undefined' is not assignable to parameter of type 'string'.
  Type 'undefined' is not assignable to type 'string'.
src/controllers/geoTrackingController.ts(234,9): error TS7030: Not all code paths return a value.
src/controllers/geoTrackingController.ts(302,37): error TS4111: Property 'enabled' comes from an index signature, so it must be accessed with ['enabled'].
src/controllers/geoTrackingController.ts(303,30): error TS4111: Property 'type' comes from an index signature, so it must be accessed with ['type'].
src/controllers/healthController.ts(16,26): error TS6133: 'req' is declared but its value is never read.
src/controllers/healthController.ts(36,37): error TS6133: 'req' is declared but its value is never read.
src/controllers/healthController.ts(63,20): error TS2538: Type 'undefined' cannot be used as an index type.
src/controllers/healthController.ts(75,26): error TS2538: Type 'undefined' cannot be used as an index type.
src/controllers/healthController.ts(90,34): error TS6133: 'req' is declared but its value is never read.
src/controllers/hierarchyController.ts(15,23): error TS6138: Property 'knex' is declared but its value is never read.
src/controllers/hierarchyController.ts(47,68): error TS2345: Argument of type 'string | undefined' is not assignable to parameter of type 'string'.
  Type 'undefined' is not assignable to type 'string'.
src/controllers/hierarchyController.ts(59,27): error TS6133: 'req' is declared but its value is never read.
src/controllers/hierarchyController.ts(79,71): error TS2345: Argument of type 'string | undefined' is not assignable to parameter of type 'string'.
  Type 'undefined' is not assignable to type 'string'.
src/controllers/hierarchyController.ts(96,52): error TS2345: Argument of type 'string | undefined' is not assignable to parameter of type 'string'.
  Type 'undefined' is not assignable to type 'string'.
src/controllers/hierarchyController.ts(136,70): error TS2345: Argument of type 'string | undefined' is not assignable to parameter of type 'string'.
  Type 'undefined' is not assignable to type 'string'.
src/controllers/hierarchyController.ts(148,28): error TS6133: 'req' is declared but its value is never read.
src/controllers/hierarchyController.ts(168,73): error TS2345: Argument of type 'string | undefined' is not assignable to parameter of type 'string'.
  Type 'undefined' is not assignable to type 'string'.
src/controllers/hierarchyController.ts(185,53): error TS2345: Argument of type 'string | undefined' is not assignable to parameter of type 'string'.
  Type 'undefined' is not assignable to type 'string'.
src/controllers/hierarchyController.ts(228,76): error TS2345: Argument of type 'string | undefined' is not assignable to parameter of type 'string'.
  Type 'undefined' is not assignable to type 'string'.
src/controllers/hierarchyController.ts(245,74): error TS2345: Argument of type 'string | undefined' is not assignable to parameter of type 'string'.
  Type 'undefined' is not assignable to type 'string'.
src/controllers/hierarchyController.ts(278,75): error TS2345: Argument of type 'string | undefined' is not assignable to parameter of type 'string'.
  Type 'undefined' is not assignable to type 'string'.
src/controllers/notificationController.ts(82,70): error TS2345: Argument of type 'string | undefined' is not assignable to parameter of type 'string'.
  Type 'undefined' is not assignable to type 'string'.
src/controllers/notificationController.ts(107,68): error TS2345: Argument of type 'string | undefined' is not assignable to parameter of type 'string'.
  Type 'undefined' is not assignable to type 'string'.
src/controllers/notificationController.ts(188,62): error TS2345: Argument of type 'string | undefined' is not assignable to parameter of type 'string'.
  Type 'undefined' is not assignable to type 'string'.
src/controllers/notificationController.ts(216,62): error TS2345: Argument of type 'string | undefined' is not assignable to parameter of type 'string'.
  Type 'undefined' is not assignable to type 'string'.
src/controllers/notificationController.ts(251,60): error TS2345: Argument of type 'string | undefined' is not assignable to parameter of type 'string'.
  Type 'undefined' is not assignable to type 'string'.
src/controllers/notificationController.ts(266,62): error TS2345: Argument of type 'string | undefined' is not assignable to parameter of type 'string'.
  Type 'undefined' is not assignable to type 'string'.
src/controllers/notificationController.ts(278,44): error TS2345: Argument of type 'string | undefined' is not assignable to parameter of type 'string'.
  Type 'undefined' is not assignable to type 'string'.
src/controllers/payrollController.ts(66,75): error TS2345: Argument of type 'string | undefined' is not assignable to parameter of type 'string'.
  Type 'undefined' is not assignable to type 'string'.
src/controllers/payrollController.ts(109,27): error TS2345: Argument of type 'string | undefined' is not assignable to parameter of type 'string'.
  Type 'undefined' is not assignable to type 'string'.
src/controllers/payrollController.ts(110,26): error TS2345: Argument of type 'string | undefined' is not assignable to parameter of type 'string'.
  Type 'undefined' is not assignable to type 'string'.
src/controllers/payrollController.ts(131,60): error TS2345: Argument of type 'string | undefined' is not assignable to parameter of type 'string'.
  Type 'undefined' is not assignable to type 'string'.
src/controllers/payrollController.ts(169,55): error TS2345: Argument of type 'string | undefined' is not assignable to parameter of type 'string'.
  Type 'undefined' is not assignable to type 'string'.
src/controllers/payrollController.ts(186,36): error TS2345: Argument of type 'string | undefined' is not assignable to parameter of type 'string'.
  Type 'undefined' is not assignable to type 'string'.
src/controllers/payrollController.ts(187,35): error TS2345: Argument of type 'string | undefined' is not assignable to parameter of type 'string'.
  Type 'undefined' is not assignable to type 'string'.
src/controllers/performanceController.ts(12,1): error TS6192: All imports in import declaration are unused.
src/controllers/performanceController.ts(29,23): error TS6138: Property 'knex' is declared but its value is never read.
src/controllers/performanceController.ts(37,73): error TS2554: Expected 1 arguments, but got 2.
src/controllers/performanceController.ts(89,51): error TS2345: Argument of type 'string | undefined' is not assignable to parameter of type 'string'.
  Type 'undefined' is not assignable to type 'string'.
src/controllers/performanceController.ts(99,61): error TS2345: Argument of type 'string | undefined' is not assignable to parameter of type 'string'.
  Type 'undefined' is not assignable to type 'string'.
src/controllers/performanceController.ts(122,9): error TS2345: Argument of type 'string | undefined' is not assignable to parameter of type 'string'.
  Type 'undefined' is not assignable to type 'string'.
src/controllers/performanceController.ts(172,9): error TS2554: Expected 1 arguments, but got 2.
src/controllers/performanceController.ts(219,57): error TS2345: Argument of type 'string | undefined' is not assignable to parameter of type 'string'.
  Type 'undefined' is not assignable to type 'string'.
src/controllers/performanceController.ts(229,67): error TS2345: Argument of type 'string | undefined' is not assignable to parameter of type 'string'.
  Type 'undefined' is not assignable to type 'string'.
src/controllers/performanceController.ts(279,71): error TS2345: Argument of type 'string | undefined' is not assignable to parameter of type 'string'.
  Type 'undefined' is not assignable to type 'string'.
src/controllers/performanceController.ts(325,48): error TS2345: Argument of type 'string | undefined' is not assignable to parameter of type 'string'.
  Type 'undefined' is not assignable to type 'string'.
src/controllers/performanceController.ts(335,58): error TS2345: Argument of type 'string | undefined' is not assignable to parameter of type 'string'.
  Type 'undefined' is not assignable to type 'string'.
src/controllers/performanceController.ts(353,9): error TS2345: Argument of type 'string | undefined' is not assignable to parameter of type 'string'.
  Type 'undefined' is not assignable to type 'string'.
src/controllers/performanceController.ts(380,68): error TS2554: Expected 2 arguments, but got 3.
src/controllers/recruitmentController.ts(2,10): error TS2614: Module '"../config/knex"' has no exported member 'knex'. Did you mean to use 'import knex from "../config/knex"' instead?
src/controllers/recruitmentController.ts(33,9): error TS2353: Object literal may only specify known properties, and 'location' does not exist in type 'CreateJobPostingDTO'.
src/controllers/recruitmentController.ts(54,9): error TS2322: Type 'string' is not assignable to type '"open" | "draft" | "closed" | "on_hold"'.
src/controllers/recruitmentController.ts(69,76): error TS2345: Argument of type 'string | undefined' is not assignable to parameter of type 'string'.
  Type 'undefined' is not assignable to type 'string'.
src/controllers/recruitmentController.ts(88,74): error TS2345: Argument of type 'string | undefined' is not assignable to parameter of type 'string'.
  Type 'undefined' is not assignable to type 'string'.
src/controllers/recruitmentController.ts(122,80): error TS2345: Argument of type 'string | undefined' is not assignable to parameter of type 'string'.
  Type 'undefined' is not assignable to type 'string'.
src/controllers/recruitmentController.ts(154,9): error TS2322: Type 'string | undefined' is not assignable to type 'string'.
  Type 'undefined' is not assignable to type 'string'.
src/controllers/recruitmentController.ts(171,74): error TS2345: Argument of type 'string | undefined' is not assignable to parameter of type 'string'.
  Type 'undefined' is not assignable to type 'string'.
src/controllers/recruitmentController.ts(203,73): error TS2345: Argument of type 'string | undefined' is not assignable to parameter of type 'string'.
  Type 'undefined' is not assignable to type 'string'.
src/controllers/recruitmentController.ts(215,75): error TS2345: Argument of type 'string | undefined' is not assignable to parameter of type 'string'.
  Type 'undefined' is not assignable to type 'string'.
src/controllers/recruitmentController.ts(244,71): error TS2345: Argument of type 'string | undefined' is not assignable to parameter of type 'string'.
  Type 'undefined' is not assignable to type 'string'.
src/controllers/recruitmentController.ts(256,87): error TS2345: Argument of type 'string | undefined' is not assignable to parameter of type 'string'.
  Type 'undefined' is not assignable to type 'string'.
src/controllers/reportController.ts(4,10): error TS2614: Module '"../config/knex"' has no exported member 'knex'. Did you mean to use 'import knex from "../config/knex"' instead?
src/controllers/reportController.ts(11,13): error TS2375: Type '{ departmentId: string; designationId: string; status: string; startDate: Date | undefined; endDate: Date | undefined; limit: number; offset: number; }' is not assignable to type 'ReportFilter' with 'exactOptionalPropertyTypes: true'. Consider adding 'undefined' to the types of the target's properties.
  Types of property 'startDate' are incompatible.
    Type 'Date | undefined' is not assignable to type 'Date'.
      Type 'undefined' is not assignable to type 'Date'.
src/controllers/reportController.ts(12,33): error TS4111: Property 'departmentId' comes from an index signature, so it must be accessed with ['departmentId'].
src/controllers/reportController.ts(13,34): error TS4111: Property 'designationId' comes from an index signature, so it must be accessed with ['designationId'].
src/controllers/reportController.ts(14,27): error TS4111: Property 'status' comes from an index signature, so it must be accessed with ['status'].
src/controllers/reportController.ts(15,30): error TS4111: Property 'startDate' comes from an index signature, so it must be accessed with ['startDate'].
src/controllers/reportController.ts(15,61): error TS4111: Property 'startDate' comes from an index signature, so it must be accessed with ['startDate'].
src/controllers/reportController.ts(16,28): error TS4111: Property 'endDate' comes from an index signature, so it must be accessed with ['endDate'].
src/controllers/reportController.ts(16,57): error TS4111: Property 'endDate' comes from an index signature, so it must be accessed with ['endDate'].
src/controllers/reportController.ts(17,26): error TS4111: Property 'limit' comes from an index signature, so it must be accessed with ['limit'].
src/controllers/reportController.ts(17,53): error TS4111: Property 'limit' comes from an index signature, so it must be accessed with ['limit'].
src/controllers/reportController.ts(18,27): error TS4111: Property 'offset' comes from an index signature, so it must be accessed with ['offset'].
src/controllers/reportController.ts(18,55): error TS4111: Property 'offset' comes from an index signature, so it must be accessed with ['offset'].
src/controllers/reportController.ts(21,83): error TS2339: Property 'id' does not exist on type 'User'.
src/controllers/reportController.ts(23,32): error TS4111: Property 'format' comes from an index signature, so it must be accessed with ['format'].
src/controllers/reportController.ts(45,13): error TS2375: Type '{ employeeId: string; departmentId: string; startDate: Date | undefined; endDate: Date | undefined; limit: number; offset: number; }' is not assignable to type 'ReportFilter' with 'exactOptionalPropertyTypes: true'. Consider adding 'undefined' to the types of the target's properties.
  Types of property 'startDate' are incompatible.
    Type 'Date | undefined' is not assignable to type 'Date'.
      Type 'undefined' is not assignable to type 'Date'.
src/controllers/reportController.ts(46,31): error TS4111: Property 'employeeId' comes from an index signature, so it must be accessed with ['employeeId'].
src/controllers/reportController.ts(47,33): error TS4111: Property 'departmentId' comes from an index signature, so it must be accessed with ['departmentId'].
src/controllers/reportController.ts(48,30): error TS4111: Property 'startDate' comes from an index signature, so it must be accessed with ['startDate'].
src/controllers/reportController.ts(48,61): error TS4111: Property 'startDate' comes from an index signature, so it must be accessed with ['startDate'].
src/controllers/reportController.ts(49,28): error TS4111: Property 'endDate' comes from an index signature, so it must be accessed with ['endDate'].
src/controllers/reportController.ts(49,57): error TS4111: Property 'endDate' comes from an index signature, so it must be accessed with ['endDate'].
src/controllers/reportController.ts(50,26): error TS4111: Property 'limit' comes from an index signature, so it must be accessed with ['limit'].
src/controllers/reportController.ts(50,53): error TS4111: Property 'limit' comes from an index signature, so it must be accessed with ['limit'].
src/controllers/reportController.ts(51,27): error TS4111: Property 'offset' comes from an index signature, so it must be accessed with ['offset'].
src/controllers/reportController.ts(51,55): error TS4111: Property 'offset' comes from an index signature, so it must be accessed with ['offset'].
src/controllers/reportController.ts(54,85): error TS2339: Property 'id' does not exist on type 'User'.
src/controllers/reportController.ts(56,32): error TS4111: Property 'format' comes from an index signature, so it must be accessed with ['format'].
src/controllers/reportController.ts(78,13): error TS2375: Type '{ employeeId: string; departmentId: string; status: string; startDate: Date | undefined; endDate: Date | undefined; limit: number; offset: number; }' is not assignable to type 'ReportFilter' with 'exactOptionalPropertyTypes: true'. Consider adding 'undefined' to the types of the target's properties.
  Types of property 'startDate' are incompatible.
    Type 'Date | undefined' is not assignable to type 'Date'.
      Type 'undefined' is not assignable to type 'Date'.
src/controllers/reportController.ts(79,31): error TS4111: Property 'employeeId' comes from an index signature, so it must be accessed with ['employeeId'].
src/controllers/reportController.ts(80,33): error TS4111: Property 'departmentId' comes from an index signature, so it must be accessed with ['departmentId'].
src/controllers/reportController.ts(81,27): error TS4111: Property 'status' comes from an index signature, so it must be accessed with ['status'].
src/controllers/reportController.ts(82,30): error TS4111: Property 'startDate' comes from an index signature, so it must be accessed with ['startDate'].
src/controllers/reportController.ts(82,61): error TS4111: Property 'startDate' comes from an index signature, so it must be accessed with ['startDate'].
src/controllers/reportController.ts(83,28): error TS4111: Property 'endDate' comes from an index signature, so it must be accessed with ['endDate'].
src/controllers/reportController.ts(83,57): error TS4111: Property 'endDate' comes from an index signature, so it must be accessed with ['endDate'].
src/controllers/reportController.ts(84,26): error TS4111: Property 'limit' comes from an index signature, so it must be accessed with ['limit'].
src/controllers/reportController.ts(84,53): error TS4111: Property 'limit' comes from an index signature, so it must be accessed with ['limit'].
src/controllers/reportController.ts(85,27): error TS4111: Property 'offset' comes from an index signature, so it must be accessed with ['offset'].
src/controllers/reportController.ts(85,55): error TS4111: Property 'offset' comes from an index signature, so it must be accessed with ['offset'].
src/controllers/reportController.ts(88,80): error TS2339: Property 'id' does not exist on type 'User'.
src/controllers/reportController.ts(90,32): error TS4111: Property 'format' comes from an index signature, so it must be accessed with ['format'].
src/controllers/reportController.ts(112,13): error TS2375: Type '{ employeeId: string; departmentId: string; status: string; startDate: Date | undefined; endDate: Date | undefined; limit: number; offset: number; }' is not assignable to type 'ReportFilter' with 'exactOptionalPropertyTypes: true'. Consider adding 'undefined' to the types of the target's properties.
  Types of property 'startDate' are incompatible.
    Type 'Date | undefined' is not assignable to type 'Date'.
      Type 'undefined' is not assignable to type 'Date'.
src/controllers/reportController.ts(113,31): error TS4111: Property 'employeeId' comes from an index signature, so it must be accessed with ['employeeId'].
src/controllers/reportController.ts(114,33): error TS4111: Property 'departmentId' comes from an index signature, so it must be accessed with ['departmentId'].
src/controllers/reportController.ts(115,27): error TS4111: Property 'status' comes from an index signature, so it must be accessed with ['status'].
src/controllers/reportController.ts(116,30): error TS4111: Property 'startDate' comes from an index signature, so it must be accessed with ['startDate'].
src/controllers/reportController.ts(116,61): error TS4111: Property 'startDate' comes from an index signature, so it must be accessed with ['startDate'].
src/controllers/reportController.ts(117,28): error TS4111: Property 'endDate' comes from an index signature, so it must be accessed with ['endDate'].
src/controllers/reportController.ts(117,57): error TS4111: Property 'endDate' comes from an index signature, so it must be accessed with ['endDate'].
src/controllers/reportController.ts(118,26): error TS4111: Property 'limit' comes from an index signature, so it must be accessed with ['limit'].
src/controllers/reportController.ts(118,53): error TS4111: Property 'limit' comes from an index signature, so it must be accessed with ['limit'].
src/controllers/reportController.ts(119,27): error TS4111: Property 'offset' comes from an index signature, so it must be accessed with ['offset'].
src/controllers/reportController.ts(119,55): error TS4111: Property 'offset' comes from an index signature, so it must be accessed with ['offset'].
src/controllers/reportController.ts(122,82): error TS2339: Property 'id' does not exist on type 'User'.
src/controllers/reportController.ts(124,32): error TS4111: Property 'format' comes from an index signature, so it must be accessed with ['format'].
src/controllers/reportController.ts(146,13): error TS2375: Type '{ employeeId: string; departmentId: string; status: string; startDate: Date | undefined; endDate: Date | undefined; limit: number; offset: number; }' is not assignable to type 'ReportFilter' with 'exactOptionalPropertyTypes: true'. Consider adding 'undefined' to the types of the target's properties.
  Types of property 'startDate' are incompatible.
    Type 'Date | undefined' is not assignable to type 'Date'.
      Type 'undefined' is not assignable to type 'Date'.
src/controllers/reportController.ts(147,31): error TS4111: Property 'employeeId' comes from an index signature, so it must be accessed with ['employeeId'].
src/controllers/reportController.ts(148,33): error TS4111: Property 'departmentId' comes from an index signature, so it must be accessed with ['departmentId'].
src/controllers/reportController.ts(149,27): error TS4111: Property 'status' comes from an index signature, so it must be accessed with ['status'].
src/controllers/reportController.ts(150,30): error TS4111: Property 'startDate' comes from an index signature, so it must be accessed with ['startDate'].
src/controllers/reportController.ts(150,61): error TS4111: Property 'startDate' comes from an index signature, so it must be accessed with ['startDate'].
src/controllers/reportController.ts(151,28): error TS4111: Property 'endDate' comes from an index signature, so it must be accessed with ['endDate'].
src/controllers/reportController.ts(151,57): error TS4111: Property 'endDate' comes from an index signature, so it must be accessed with ['endDate'].
src/controllers/reportController.ts(152,26): error TS4111: Property 'limit' comes from an index signature, so it must be accessed with ['limit'].
src/controllers/reportController.ts(152,53): error TS4111: Property 'limit' comes from an index signature, so it must be accessed with ['limit'].
src/controllers/reportController.ts(153,27): error TS4111: Property 'offset' comes from an index signature, so it must be accessed with ['offset'].
src/controllers/reportController.ts(153,55): error TS4111: Property 'offset' comes from an index signature, so it must be accessed with ['offset'].
src/controllers/reportController.ts(156,86): error TS2339: Property 'id' does not exist on type 'User'.
src/controllers/reportController.ts(158,32): error TS4111: Property 'format' comes from an index signature, so it must be accessed with ['format'].
src/controllers/reportController.ts(180,13): error TS2375: Type '{ employeeId: string; departmentId: string; status: string; startDate: Date | undefined; endDate: Date | undefined; limit: number; offset: number; }' is not assignable to type 'ReportFilter' with 'exactOptionalPropertyTypes: true'. Consider adding 'undefined' to the types of the target's properties.
  Types of property 'startDate' are incompatible.
    Type 'Date | undefined' is not assignable to type 'Date'.
      Type 'undefined' is not assignable to type 'Date'.
src/controllers/reportController.ts(181,31): error TS4111: Property 'employeeId' comes from an index signature, so it must be accessed with ['employeeId'].
src/controllers/reportController.ts(182,33): error TS4111: Property 'departmentId' comes from an index signature, so it must be accessed with ['departmentId'].
src/controllers/reportController.ts(183,27): error TS4111: Property 'status' comes from an index signature, so it must be accessed with ['status'].
src/controllers/reportController.ts(184,30): error TS4111: Property 'startDate' comes from an index signature, so it must be accessed with ['startDate'].
src/controllers/reportController.ts(184,61): error TS4111: Property 'startDate' comes from an index signature, so it must be accessed with ['startDate'].
src/controllers/reportController.ts(185,28): error TS4111: Property 'endDate' comes from an index signature, so it must be accessed with ['endDate'].
src/controllers/reportController.ts(185,57): error TS4111: Property 'endDate' comes from an index signature, so it must be accessed with ['endDate'].
src/controllers/reportController.ts(186,26): error TS4111: Property 'limit' comes from an index signature, so it must be accessed with ['limit'].
src/controllers/reportController.ts(186,53): error TS4111: Property 'limit' comes from an index signature, so it must be accessed with ['limit'].
src/controllers/reportController.ts(187,27): error TS4111: Property 'offset' comes from an index signature, so it must be accessed with ['offset'].
src/controllers/reportController.ts(187,55): error TS4111: Property 'offset' comes from an index signature, so it must be accessed with ['offset'].
src/controllers/reportController.ts(190,83): error TS2339: Property 'id' does not exist on type 'User'.
src/controllers/reportController.ts(192,32): error TS4111: Property 'format' comes from an index signature, so it must be accessed with ['format'].
src/controllers/separationController.ts(12,34): error TS7030: Not all code paths return a value.
src/controllers/separationController.ts(24,67): error TS2345: Argument of type 'string | undefined' is not assignable to parameter of type 'string'.
  Type 'undefined' is not assignable to type 'string'.
src/controllers/separationController.ts(44,36): error TS7030: Not all code paths return a value.
src/controllers/separationController.ts(57,7): error TS2345: Argument of type 'string | undefined' is not assignable to parameter of type 'string'.
  Type 'undefined' is not assignable to type 'string'.
src/controllers/separationController.ts(76,31): error TS7030: Not all code paths return a value.
src/controllers/separationController.ts(79,64): error TS2345: Argument of type 'string | undefined' is not assignable to parameter of type 'string'.
  Type 'undefined' is not assignable to type 'string'.
src/controllers/separationController.ts(101,34): error TS7030: Not all code paths return a value.
src/controllers/separationController.ts(113,67): error TS2345: Argument of type 'string | undefined' is not assignable to parameter of type 'string'.
  Type 'undefined' is not assignable to type 'string'.
src/controllers/separationController.ts(132,67): error TS2345: Argument of type 'string | undefined' is not assignable to parameter of type 'string'.
  Type 'undefined' is not assignable to type 'string'.
src/controllers/separationController.ts(148,38): error TS7030: Not all code paths return a value.
src/controllers/separationController.ts(160,73): error TS2345: Argument of type 'string | undefined' is not assignable to parameter of type 'string'.
  Type 'undefined' is not assignable to type 'string'.
src/controllers/separationController.ts(178,38): error TS7030: Not all code paths return a value.
src/controllers/separationController.ts(191,7): error TS2345: Argument of type 'string | undefined' is not assignable to parameter of type 'string'.
  Type 'undefined' is not assignable to type 'string'.
src/controllers/separationController.ts(214,74): error TS2345: Argument of type 'string | undefined' is not assignable to parameter of type 'string'.
  Type 'undefined' is not assignable to type 'string'.
src/controllers/separationController.ts(230,37): error TS7030: Not all code paths return a value.
src/controllers/separationController.ts(242,72): error TS2345: Argument of type 'string | undefined' is not assignable to parameter of type 'string'.
  Type 'undefined' is not assignable to type 'string'.
src/controllers/separationController.ts(261,73): error TS2345: Argument of type 'string | undefined' is not assignable to parameter of type 'string'.
  Type 'undefined' is not assignable to type 'string'.
src/controllers/separationController.ts(277,42): error TS7030: Not all code paths return a value.
src/controllers/separationController.ts(290,7): error TS2345: Argument of type 'string | undefined' is not assignable to parameter of type 'string'.
  Type 'undefined' is not assignable to type 'string'.
src/controllers/separationController.ts(312,81): error TS2345: Argument of type 'string | undefined' is not assignable to parameter of type 'string'.
  Type 'undefined' is not assignable to type 'string'.
src/controllers/separationController.ts(330,48): error TS2345: Argument of type 'string | undefined' is not assignable to parameter of type 'string'.
  Type 'undefined' is not assignable to type 'string'.
src/controllers/supplierBuyerController.ts(11,23): error TS6138: Property 'knex' is declared but its value is never read.
src/controllers/supplierBuyerController.ts(56,78): error TS2345: Argument of type 'string | undefined' is not assignable to parameter of type 'string'.
  Type 'undefined' is not assignable to type 'string'.
src/controllers/supplierBuyerController.ts(96,78): error TS2345: Argument of type 'string | undefined' is not assignable to parameter of type 'string'.
  Type 'undefined' is not assignable to type 'string'.
src/controllers/supplierBuyerController.ts(103,75): error TS2345: Argument of type 'string | undefined' is not assignable to parameter of type 'string'.
  Type 'undefined' is not assignable to type 'string'.
src/controllers/supplierBuyerController.ts(121,78): error TS2345: Argument of type 'string | undefined' is not assignable to parameter of type 'string'.
  Type 'undefined' is not assignable to type 'string'.
src/controllers/supplierBuyerController.ts(128,59): error TS2345: Argument of type 'string | undefined' is not assignable to parameter of type 'string'.
  Type 'undefined' is not assignable to type 'string'.
src/controllers/supplierBuyerController.ts(184,62): error TS2345: Argument of type 'string | undefined' is not assignable to parameter of type 'string'.
  Type 'undefined' is not assignable to type 'string'.
src/controllers/supplierBuyerController.ts(201,76): error TS2345: Argument of type 'string | undefined' is not assignable to parameter of type 'string'.
  Type 'undefined' is not assignable to type 'string'.
src/controllers/supplierBuyerController.ts(219,70): error TS2345: Argument of type 'string | undefined' is not assignable to parameter of type 'string'.
  Type 'undefined' is not assignable to type 'string'.
src/controllers/supplierBuyerController.ts(243,9): error TS2345: Argument of type 'string | undefined' is not assignable to parameter of type 'string'.
  Type 'undefined' is not assignable to type 'string'.
src/controllers/supplierBuyerController.ts(263,67): error TS2345: Argument of type 'string | undefined' is not assignable to parameter of type 'string'.
  Type 'undefined' is not assignable to type 'string'.
src/controllers/trainingController.ts(3,10): error TS2614: Module '"../config/knex"' has no exported member 'knex'. Did you mean to use 'import knex from "../config/knex"' instead?
src/controllers/trainingController.ts(37,64): error TS2345: Argument of type 'string | undefined' is not assignable to parameter of type 'string'.
  Type 'undefined' is not assignable to type 'string'.
src/controllers/trainingController.ts(63,67): error TS2345: Argument of type 'string | undefined' is not assignable to parameter of type 'string'.
  Type 'undefined' is not assignable to type 'string'.
src/controllers/trainingController.ts(73,51): error TS2345: Argument of type 'string | undefined' is not assignable to parameter of type 'string'.
  Type 'undefined' is not assignable to type 'string'.
src/controllers/trainingController.ts(105,72): error TS2345: Argument of type 'string | undefined' is not assignable to parameter of type 'string'.
  Type 'undefined' is not assignable to type 'string'.
src/controllers/trainingController.ts(115,71): error TS2345: Argument of type 'string | undefined' is not assignable to parameter of type 'string'.
  Type 'undefined' is not assignable to type 'string'.
src/controllers/trainingController.ts(133,68): error TS2379: Argument of type '{ employee_id: any; name: any; issuing_organization: any; certificate_number: any; issue_date: Date; expiry_date: Date | undefined; certificate_url: any; }' is not assignable to parameter of type 'CreateCertificationDTO' with 'exactOptionalPropertyTypes: true'. Consider adding 'undefined' to the types of the target's properties.
  Types of property 'expiry_date' are incompatible.
    Type 'Date | undefined' is not assignable to type 'Date'.
      Type 'undefined' is not assignable to type 'Date'.
src/controllers/trainingController.ts(152,78): error TS2345: Argument of type 'string | undefined' is not assignable to parameter of type 'string'.
  Type 'undefined' is not assignable to type 'string'.
src/controllers/trainingController.ts(174,71): error TS2345: Argument of type 'string | undefined' is not assignable to parameter of type 'string'.
  Type 'undefined' is not assignable to type 'string'.
src/controllers/trainingController.ts(203,29): error TS6133: 'req' is declared but its value is never read.
src/controllers/trainingController.ts(215,64): error TS2345: Argument of type 'string | undefined' is not assignable to parameter of type 'string'.
  Type 'undefined' is not assignable to type 'string'.
src/controllers/trainingController.ts(248,62): error TS2345: Argument of type 'string | undefined' is not assignable to parameter of type 'string'.
  Type 'undefined' is not assignable to type 'string'.
src/controllers/trainingController.ts(258,71): error TS2345: Argument of type 'string | undefined' is not assignable to parameter of type 'string'.
  Type 'undefined' is not assignable to type 'string'.
src/controllers/trainingController.ts(269,67): error TS2345: Argument of type 'string | undefined' is not assignable to parameter of type 'string'.
  Type 'undefined' is not assignable to type 'string'.
src/controllers/trainingController.ts(311,38): error TS6133: 'req' is declared but its value is never read.
src/controllers/trainingController.ts(331,66): error TS2345: Argument of type 'string | undefined' is not assignable to parameter of type 'string'.
  Type 'undefined' is not assignable to type 'string'.
src/controllers/trainingController.ts(344,46): error TS6133: 'req' is declared but its value is never read.
src/controllers/trainingController.ts(354,42): error TS6133: 'req' is declared but its value is never read.
src/controllers/trainingController.ts(367,68): error TS2345: Argument of type 'string | undefined' is not assignable to parameter of type 'string'.
  Type 'undefined' is not assignable to type 'string'.
src/middleware/rbac.ts(17,7): error TS2717: Subsequent property declarations must have the same type.  Property 'user' must be of type 'User | undefined', but here has type '{ id: string; role: Role; departmentId?: string; managerId?: string; } | undefined'.
src/middleware/rbac.ts(31,10): error TS7030: Not all code paths return a value.
src/middleware/rbac.ts(43,79): error TS2339: Property 'role' does not exist on type 'User'.
src/middleware/rbac.ts(48,28): error TS2339: Property 'id' does not exist on type 'User'.
src/middleware/rbac.ts(49,30): error TS2339: Property 'role' does not exist on type 'User'.
src/middleware/rbac.ts(82,10): error TS7030: Not all code paths return a value.
src/middleware/rbac.ts(94,47): error TS2339: Property 'role' does not exist on type 'User'.
src/middleware/rbac.ts(99,28): error TS2339: Property 'id' does not exist on type 'User'.
src/middleware/rbac.ts(100,30): error TS2339: Property 'role' does not exist on type 'User'.
src/middleware/rbac.ts(141,10): error TS7030: Not all code paths return a value.
src/middleware/rbac.ts(154,26): error TS2339: Property 'id' does not exist on type 'User'.
src/middleware/rbac.ts(155,28): error TS2339: Property 'role' does not exist on type 'User'.
src/middleware/rbac.ts(156,36): error TS2339: Property 'departmentId' does not exist on type 'User'.
src/middleware/rbac.ts(157,33): error TS2339: Property 'managerId' does not exist on type 'User'.
src/middleware/rbac.ts(166,28): error TS2339: Property 'id' does not exist on type 'User'.
src/middleware/rbac.ts(167,30): error TS2339: Property 'role' does not exist on type 'User'.
src/middleware/rbac.ts(209,10): error TS7030: Not all code paths return a value.
src/middleware/rbac.ts(222,26): error TS2339: Property 'id' does not exist on type 'User'.
src/middleware/rbac.ts(223,28): error TS2339: Property 'role' does not exist on type 'User'.
src/middleware/rbac.ts(224,36): error TS2339: Property 'departmentId' does not exist on type 'User'.
src/middleware/rbac.ts(225,33): error TS2339: Property 'managerId' does not exist on type 'User'.
src/middleware/rbac.ts(229,48): error TS2339: Property 'role' does not exist on type 'User'.
src/middleware/rbac.ts(234,28): error TS2339: Property 'id' does not exist on type 'User'.
src/middleware/rbac.ts(235,30): error TS2339: Property 'role' does not exist on type 'User'.
src/middleware/rbac.ts(275,28): error TS2339: Property 'id' does not exist on type 'User'.
src/middleware/rbac.ts(276,30): error TS2339: Property 'role' does not exist on type 'User'.
src/middleware/security.ts(9,23): error TS2307: Cannot find module 'express-rate-limit' or its corresponding type declarations.
src/middleware/security.ts(22,44): error TS4111: Property 'CORS_ORIGIN' comes from an index signature, so it must be accessed with ['CORS_ORIGIN'].
src/middleware/security.ts(49,39): error TS4111: Property 'CORS_ORIGIN' comes from an index signature, so it must be accessed with ['CORS_ORIGIN'].
src/middleware/security.ts(75,10): error TS7006: Parameter 'req' implicitly has an 'any' type.
src/middleware/security.ts(193,19): error TS2339: Property 'csrfToken' does not exist on type 'Session & Partial<SessionData>'.
src/middleware/security.ts(211,39): error TS2339: Property 'csrfToken' does not exist on type 'Session & Partial<SessionData>'.
src/middleware/security.ts(230,11): error TS6133: 'req' is declared but its value is never read.
src/middleware/security.ts(277,10): error TS7030: Not all code paths return a value.
src/middleware/security.ts(278,21): error TS4111: Property 'NODE_ENV' comes from an index signature, so it must be accessed with ['NODE_ENV'].
src/middleware/security.ts(295,10): error TS7030: Not all code paths return a value.
src/middleware/security.ts(328,26): error TS2345: Argument of type 'string | undefined' is not assignable to parameter of type 'string'.
  Type 'undefined' is not assignable to type 'string'.
src/repositories/advanceSalaryRepository.ts(102,5): error TS2375: Type '{ id: any; employee_id: any; amount: number; reason: any; status: any; approved_by: any; approval_notes: any; approved_at: Date | undefined; deduction_months: any; created_at: Date; updated_at: Date; }' is not assignable to type 'AdvanceSalaryRequest' with 'exactOptionalPropertyTypes: true'. Consider adding 'undefined' to the types of the target's properties.
  Types of property 'approved_at' are incompatible.
    Type 'Date | undefined' is not assignable to type 'Date'.
      Type 'undefined' is not assignable to type 'Date'.
src/repositories/bankAccountRepository.ts(8,28): error TS2305: Module '"../utils/encryption"' has no exported member 'parseEncryptedData'.
src/repositories/bankAccountRepository.ts(8,48): error TS2305: Module '"../utils/encryption"' has no exported member 'serializeEncryptedData'.
src/repositories/geoFenceRepository.ts(2,20): error TS6133: 'GeoLocation' is declared but its value is never read.
src/repositories/geoLogRepository.ts(2,18): error TS6133: 'GeoLocation' is declared but its value is never read.
src/repositories/payrollRepository.ts(145,5): error TS2375: Type '{ id: any; employee_id: any; month: any; year: any; gross_salary: number; net_salary: number; total_deductions: number; total_earnings: number; status: any; processed_by: any; processed_at: Date | undefined; paid_at: Date | undefined; created_at: Date; updated_at: Date; }' is not assignable to type 'Payroll' with 'exactOptionalPropertyTypes: true'. Consider adding 'undefined' to the types of the target's properties.
  Types of property 'processed_at' are incompatible.
    Type 'Date | undefined' is not assignable to type 'Date'.
      Type 'undefined' is not assignable to type 'Date'.
src/routes/attendance.ts(9,1): error TS6133: 'geoTrackingService' is declared but its value is never read.
src/routes/attendance.ts(17,26): error TS7030: Not all code paths return a value.
src/routes/attendance.ts(28,26): error TS2339: Property 'id' does not exist on type 'Request<ParamsDictionary, any, any, ParsedQs, Record<string, any>>'.
src/routes/attendance.ts(39,26): error TS2339: Property 'id' does not exist on type 'Request<ParamsDictionary, any, any, ParsedQs, Record<string, any>>'.
src/routes/attendance.ts(50,26): error TS2339: Property 'id' does not exist on type 'Request<ParamsDictionary, any, any, ParsedQs, Record<string, any>>'.
src/routes/attendance.ts(67,22): error TS2339: Property 'id' does not exist on type 'Request<ParamsDictionary, any, any, ParsedQs, Record<string, any>>'.
src/routes/attendance.ts(75,24): error TS2339: Property 'id' does not exist on type 'Request<ParamsDictionary, any, any, ParsedQs, Record<string, any>>'.
src/routes/attendance.ts(85,27): error TS7030: Not all code paths return a value.
src/routes/attendance.ts(96,26): error TS2339: Property 'id' does not exist on type 'Request<ParamsDictionary, any, any, ParsedQs, Record<string, any>>'.
src/routes/attendance.ts(107,26): error TS2339: Property 'id' does not exist on type 'Request<ParamsDictionary, any, any, ParsedQs, Record<string, any>>'.
src/routes/attendance.ts(119,22): error TS2339: Property 'id' does not exist on type 'Request<ParamsDictionary, any, any, ParsedQs, Record<string, any>>'.
src/routes/attendance.ts(127,24): error TS2339: Property 'id' does not exist on type 'Request<ParamsDictionary, any, any, ParsedQs, Record<string, any>>'.
src/routes/attendance.ts(137,36): error TS7030: Not all code paths return a value.
src/routes/attendance.ts(149,26): error TS2339: Property 'id' does not exist on type 'Request<ParamsDictionary, any, any, ParsedQs, Record<string, any>>'.
src/routes/attendance.ts(160,26): error TS2339: Property 'id' does not exist on type 'Request<ParamsDictionary, any, any, ParsedQs, Record<string, any>>'.
src/routes/attendance.ts(175,26): error TS2339: Property 'id' does not exist on type 'Request<ParamsDictionary, any, any, ParsedQs, Record<string, any>>'.
src/routes/attendance.ts(191,22): error TS2339: Property 'id' does not exist on type 'Request<ParamsDictionary, any, any, ParsedQs, Record<string, any>>'.
src/routes/attendance.ts(199,24): error TS2339: Property 'id' does not exist on type 'Request<ParamsDictionary, any, any, ParsedQs, Record<string, any>>'.
src/routes/attendance.ts(209,32): error TS7030: Not all code paths return a value.
src/routes/attendance.ts(220,26): error TS2339: Property 'id' does not exist on type 'Request<ParamsDictionary, any, any, ParsedQs, Record<string, any>>'.
src/routes/attendance.ts(236,22): error TS2339: Property 'id' does not exist on type 'Request<ParamsDictionary, any, any, ParsedQs, Record<string, any>>'.
src/routes/attendance.ts(244,24): error TS2339: Property 'id' does not exist on type 'Request<ParamsDictionary, any, any, ParsedQs, Record<string, any>>'.
src/routes/attendance.ts(254,43): error TS7030: Not all code paths return a value.
src/routes/attendance.ts(266,26): error TS2339: Property 'id' does not exist on type 'Request<ParamsDictionary, any, any, ParsedQs, Record<string, any>>'.
src/routes/attendance.ts(282,22): error TS2339: Property 'id' does not exist on type 'Request<ParamsDictionary, any, any, ParsedQs, Record<string, any>>'.
src/routes/attendance.ts(290,24): error TS2339: Property 'id' does not exist on type 'Request<ParamsDictionary, any, any, ParsedQs, Record<string, any>>'.
src/routes/attendance.ts(308,22): error TS2339: Property 'id' does not exist on type 'Request<ParamsDictionary, any, any, ParsedQs, Record<string, any>>'.
src/routes/attendance.ts(316,24): error TS2339: Property 'id' does not exist on type 'Request<ParamsDictionary, any, any, ParsedQs, Record<string, any>>'.
src/routes/attendance.ts(326,24): error TS7030: Not all code paths return a value.
src/routes/attendance.ts(337,26): error TS2339: Property 'id' does not exist on type 'Request<ParamsDictionary, any, any, ParsedQs, Record<string, any>>'.
src/routes/attendance.ts(355,22): error TS2339: Property 'id' does not exist on type 'Request<ParamsDictionary, any, any, ParsedQs, Record<string, any>>'.
src/routes/attendance.ts(363,24): error TS2339: Property 'id' does not exist on type 'Request<ParamsDictionary, any, any, ParsedQs, Record<string, any>>'.
src/routes/dashboard.ts(4,10): error TS2305: Module '"../middleware/auth"' has no exported member 'authenticate'.
src/routes/dashboard.ts(10,54): error TS2345: Argument of type '"view_dashboard"' is not assignable to parameter of type 'Permission | Permission[]'.
src/routes/dashboard.ts(11,58): error TS2345: Argument of type '"view_dashboard"' is not assignable to parameter of type 'Permission | Permission[]'.
src/routes/dashboard.ts(12,59): error TS2345: Argument of type '"view_dashboard"' is not assignable to parameter of type 'Permission | Permission[]'.
src/routes/dashboard.ts(13,55): error TS2345: Argument of type '"view_dashboard"' is not assignable to parameter of type 'Permission | Permission[]'.
src/routes/dashboard.ts(14,56): error TS2345: Argument of type '"view_dashboard"' is not assignable to parameter of type 'Permission | Permission[]'.
src/routes/dashboard.ts(15,60): error TS2345: Argument of type '"view_dashboard"' is not assignable to parameter of type 'Permission | Permission[]'.
src/routes/dashboard.ts(18,66): error TS2345: Argument of type '"generate_reports"' is not assignable to parameter of type 'Permission | Permission[]'.
src/routes/dashboard.ts(19,67): error TS2345: Argument of type '"generate_reports"' is not assignable to parameter of type 'Permission | Permission[]'.
src/routes/dashboard.ts(20,63): error TS2345: Argument of type '"generate_reports"' is not assignable to parameter of type 'Permission | Permission[]'.
src/routes/dashboard.ts(21,64): error TS2345: Argument of type '"generate_reports"' is not assignable to parameter of type 'Permission | Permission[]'.
src/routes/dashboard.ts(22,68): error TS2345: Argument of type '"generate_reports"' is not assignable to parameter of type 'Permission | Permission[]'.
src/routes/dashboard.ts(23,65): error TS2345: Argument of type '"generate_reports"' is not assignable to parameter of type 'Permission | Permission[]'.
src/routes/documents.ts(6,10): error TS2305: Module '"../middleware/fileUpload"' has no exported member 'fileUpload'.
src/routes/employees.ts(12,18): error TS2769: No overload matches this call.
  The last overload gave the following error.
    Argument of type '(req: AuthenticatedRequest, res: Response, next: NextFunction) => void' is not assignable to parameter of type 'RequestHandlerParams<ParamsDictionary, any, any, ParsedQs, Record<string, any>>'.
      Type '(req: AuthenticatedRequest, res: Response, next: NextFunction) => void' is not assignable to type 'RequestHandler<ParamsDictionary, any, any, ParsedQs, Record<string, any>>'.
        Types of parameters 'req' and 'req' are incompatible.
          Type 'Request<ParamsDictionary, any, any, ParsedQs, Record<string, any>>' is not assignable to type 'AuthenticatedRequest' with 'exactOptionalPropertyTypes: true'. Consider adding 'undefined' to the types of the target's properties.
            Types of property 'user' are incompatible.
              Type 'User | undefined' is not assignable to type '{ id: string; email: string; role: string; employeeId?: string; }'.
                Type 'undefined' is not assignable to type '{ id: string; email: string; role: string; employeeId?: string; }'.
src/routes/employees.ts(18,20): error TS2769: No overload matches this call.
  The last overload gave the following error.
    Argument of type '(req: AuthenticatedRequest, res: Response, next: NextFunction) => void' is not assignable to parameter of type 'RequestHandlerParams<ParamsDictionary, any, any, ParsedQs, Record<string, any>>'.
      Type '(req: AuthenticatedRequest, res: Response, next: NextFunction) => void' is not assignable to type 'RequestHandler<ParamsDictionary, any, any, ParsedQs, Record<string, any>>'.
        Types of parameters 'req' and 'req' are incompatible.
          Type 'Request<ParamsDictionary, any, any, ParsedQs, Record<string, any>>' is not assignable to type 'AuthenticatedRequest' with 'exactOptionalPropertyTypes: true'. Consider adding 'undefined' to the types of the target's properties.
            Types of property 'user' are incompatible.
              Type 'User | undefined' is not assignable to type '{ id: string; email: string; role: string; employeeId?: string; }'.
                Type 'undefined' is not assignable to type '{ id: string; email: string; role: string; employeeId?: string; }'.
src/routes/employees.ts(19,27): error TS2769: No overload matches this call.
  The last overload gave the following error.
    Argument of type '(req: AuthenticatedRequest, res: Response, next: NextFunction) => void' is not assignable to parameter of type 'RequestHandlerParams<ParamsDictionary, any, any, ParsedQs, Record<string, any>>'.
      Type '(req: AuthenticatedRequest, res: Response, next: NextFunction) => void' is not assignable to type 'RequestHandler<ParamsDictionary, any, any, ParsedQs, Record<string, any>>'.
        Types of parameters 'req' and 'req' are incompatible.
          Type 'Request<ParamsDictionary, any, any, ParsedQs, Record<string, any>>' is not assignable to type 'AuthenticatedRequest' with 'exactOptionalPropertyTypes: true'. Consider adding 'undefined' to the types of the target's properties.
            Types of property 'user' are incompatible.
              Type 'User | undefined' is not assignable to type '{ id: string; email: string; role: string; employeeId?: string; }'.
                Type 'undefined' is not assignable to type '{ id: string; email: string; role: string; employeeId?: string; }'.
src/routes/employees.ts(25,61): error TS2769: No overload matches this call.
  The last overload gave the following error.
    Argument of type '(req: AuthenticatedRequest, res: Response, next: NextFunction) => void' is not assignable to parameter of type 'RequestHandlerParams<ParamsDictionary, any, any, ParsedQs, Record<string, any>>'.
      Type '(req: AuthenticatedRequest, res: Response, next: NextFunction) => void' is not assignable to type 'RequestHandler<ParamsDictionary, any, any, ParsedQs, Record<string, any>>'.
        Types of parameters 'req' and 'req' are incompatible.
          Type 'Request<ParamsDictionary, any, any, ParsedQs, Record<string, any>>' is not assignable to type 'AuthenticatedRequest' with 'exactOptionalPropertyTypes: true'. Consider adding 'undefined' to the types of the target's properties.
            Types of property 'user' are incompatible.
              Type 'User | undefined' is not assignable to type '{ id: string; email: string; role: string; employeeId?: string; }'.
                Type 'undefined' is not assignable to type '{ id: string; email: string; role: string; employeeId?: string; }'.
src/routes/employees.ts(28,48): error TS2769: No overload matches this call.
  The last overload gave the following error.
    Argument of type '(req: AuthenticatedRequest, res: Response, next: NextFunction) => void' is not assignable to parameter of type 'RequestHandlerParams<ParamsDictionary, any, any, ParsedQs, Record<string, any>>'.
      Type '(req: AuthenticatedRequest, res: Response, next: NextFunction) => void' is not assignable to type 'RequestHandler<ParamsDictionary, any, any, ParsedQs, Record<string, any>>'.
        Types of parameters 'req' and 'req' are incompatible.
          Type 'Request<ParamsDictionary, any, any, ParsedQs, Record<string, any>>' is not assignable to type 'AuthenticatedRequest' with 'exactOptionalPropertyTypes: true'. Consider adding 'undefined' to the types of the target's properties.
            Types of property 'user' are incompatible.
              Type 'User | undefined' is not assignable to type '{ id: string; email: string; role: string; employeeId?: string; }'.
                Type 'undefined' is not assignable to type '{ id: string; email: string; role: string; employeeId?: string; }'.
src/routes/esignature.ts(3,10): error TS2305: Module '"../middleware/auth"' has no exported member 'authenticate'.
src/routes/esignature.ts(15,5): error TS2769: No overload matches this call.
  The last overload gave the following error.
    Argument of type '(req: AuthenticatedRequest, res: Response, next: NextFunction) => void' is not assignable to parameter of type 'RequestHandlerParams<ParamsDictionary, any, any, ParsedQs, Record<string, any>>'.
      Type '(req: AuthenticatedRequest, res: Response, next: NextFunction) => void' is not assignable to type 'RequestHandler<ParamsDictionary, any, any, ParsedQs, Record<string, any>>'.
        Types of parameters 'req' and 'req' are incompatible.
          Type 'Request<ParamsDictionary, any, any, ParsedQs, Record<string, any>>' is not assignable to type 'AuthenticatedRequest' with 'exactOptionalPropertyTypes: true'. Consider adding 'undefined' to the types of the target's properties.
            Types of property 'user' are incompatible.
              Type 'User | undefined' is not assignable to type '{ id: string; email: string; role: string; employeeId?: string; }'.
                Type 'undefined' is not assignable to type '{ id: string; email: string; role: string; employeeId?: string; }'.
src/routes/esignature.ts(51,5): error TS2769: No overload matches this call.
  The last overload gave the following error.
    Argument of type '(req: AuthenticatedRequest, res: Response, next: NextFunction) => void' is not assignable to parameter of type 'RequestHandlerParams<ParamsDictionary, any, any, ParsedQs, Record<string, any>>'.
      Type '(req: AuthenticatedRequest, res: Response, next: NextFunction) => void' is not assignable to type 'RequestHandler<ParamsDictionary, any, any, ParsedQs, Record<string, any>>'.
        Types of parameters 'req' and 'req' are incompatible.
          Type 'Request<ParamsDictionary, any, any, ParsedQs, Record<string, any>>' is not assignable to type 'AuthenticatedRequest' with 'exactOptionalPropertyTypes: true'. Consider adding 'undefined' to the types of the target's properties.
            Types of property 'user' are incompatible.
              Type 'User | undefined' is not assignable to type '{ id: string; email: string; role: string; employeeId?: string; }'.
                Type 'undefined' is not assignable to type '{ id: string; email: string; role: string; employeeId?: string; }'.
src/routes/esignature.ts(73,5): error TS2769: No overload matches this call.
  The last overload gave the following error.
    Argument of type '(req: AuthenticatedRequest, res: Response, next: NextFunction) => void' is not assignable to parameter of type 'RequestHandlerParams<ParamsDictionary, any, any, ParsedQs, Record<string, any>>'.
      Type '(req: AuthenticatedRequest, res: Response, next: NextFunction) => void' is not assignable to type 'RequestHandler<ParamsDictionary, any, any, ParsedQs, Record<string, any>>'.
        Types of parameters 'req' and 'req' are incompatible.
          Type 'Request<ParamsDictionary, any, any, ParsedQs, Record<string, any>>' is not assignable to type 'AuthenticatedRequest' with 'exactOptionalPropertyTypes: true'. Consider adding 'undefined' to the types of the target's properties.
            Types of property 'user' are incompatible.
              Type 'User | undefined' is not assignable to type '{ id: string; email: string; role: string; employeeId?: string; }'.
                Type 'undefined' is not assignable to type '{ id: string; email: string; role: string; employeeId?: string; }'.
src/routes/separation.ts(15,75): error TS7030: Not all code paths return a value.
src/routes/separation.ts(23,14): error TS2339: Property 'employeeId' does not exist on type '{}'.
src/routes/separation.ts(48,78): error TS7030: Not all code paths return a value.
src/routes/separation.ts(56,14): error TS2339: Property 'employeeId' does not exist on type '{}'.
src/routes/separation.ts(64,81): error TS7030: Not all code paths return a value.
src/routes/separation.ts(72,14): error TS2339: Property 'employeeId' does not exist on type '{}'.
src/routes/separation.ts(98,16): error TS2339: Property 'fnfSettlementId' does not exist on type '{ id: string; }'.
src/routes/suppliers.ts(5,1): error TS6133: 'authorize' is declared but its value is never read.
src/services/expenseService.ts(41,11): error TS2375: Type '{ id: string; employeeId: string; amount: number; category: string; description: string; receiptUrl: string | undefined; status: "pending"; createdAt: Date; updatedAt: Date; }' is not assignable to type 'ExpenseClaim' with 'exactOptionalPropertyTypes: true'. Consider adding 'undefined' to the types of the target's properties.
  Types of property 'receiptUrl' are incompatible.
    Type 'string | undefined' is not assignable to type 'string'.
      Type 'undefined' is not assignable to type 'string'.
src/services/notification/resilientNotificationProvider.ts(15,9): error TS2416: Property 'sendToDevice' in type 'ResilientNotificationProvider' is not assignable to the same property in base type 'NotificationProvider'.
  Type '(deviceToken: string, payload: PushNotificationPayload) => Promise<void>' is not assignable to type '(deviceToken: string, payload: PushNotificationPayload) => Promise<string>'.
    Type 'Promise<void>' is not assignable to type 'Promise<string>'.
      Type 'void' is not assignable to type 'string'.
src/services/notification/resilientNotificationProvider.ts(31,9): error TS2416: Property 'sendToMultipleDevices' in type 'ResilientNotificationProvider' is not assignable to the same property in base type 'NotificationProvider'.
  Type '(deviceTokens: string[], payload: PushNotificationPayload) => Promise<void>' is not assignable to type '(deviceTokens: string[], payload: PushNotificationPayload) => Promise<string[]>'.
    Type 'Promise<void>' is not assignable to type 'Promise<string[]>'.
      Type 'void' is not assignable to type 'string[]'.
src/services/notification/resilientNotificationProvider.ts(50,9): error TS2416: Property 'sendToTopic' in type 'ResilientNotificationProvider' is not assignable to the same property in base type 'NotificationProvider'.
  Type '(topic: string, payload: PushNotificationPayload) => Promise<void>' is not assignable to type '(topic: string, payload: PushNotificationPayload) => Promise<string>'.
    Type 'Promise<void>' is not assignable to type 'Promise<string>'.
      Type 'void' is not assignable to type 'string'.
src/services/reportService.ts(60,36): error TS4111: Property 'count' comes from an index signature, so it must be accessed with ['count'].
src/services/reportService.ts(70,7): error TS2322: Type 'string | number' is not assignable to type 'number'.
  Type 'string' is not assignable to type 'number'.
src/services/reportService.ts(112,36): error TS4111: Property 'count' comes from an index signature, so it must be accessed with ['count'].
src/services/reportService.ts(122,7): error TS2322: Type 'string | number' is not assignable to type 'number'.
  Type 'string' is not assignable to type 'number'.
src/services/reportService.ts(171,36): error TS4111: Property 'count' comes from an index signature, so it must be accessed with ['count'].
src/services/reportService.ts(181,7): error TS2322: Type 'string | number' is not assignable to type 'number'.
  Type 'string' is not assignable to type 'number'.
src/services/reportService.ts(229,36): error TS4111: Property 'count' comes from an index signature, so it must be accessed with ['count'].
src/services/reportService.ts(240,7): error TS2322: Type 'string | number' is not assignable to type 'number'.
  Type 'string' is not assignable to type 'number'.
src/services/reportService.ts(287,36): error TS4111: Property 'count' comes from an index signature, so it must be accessed with ['count'].
src/services/reportService.ts(297,7): error TS2322: Type 'string | number' is not assignable to type 'number'.
  Type 'string' is not assignable to type 'number'.
src/services/reportService.ts(343,36): error TS4111: Property 'count' comes from an index signature, so it must be accessed with ['count'].
src/services/reportService.ts(353,7): error TS2322: Type 'string | number' is not assignable to type 'number'.
  Type 'string' is not assignable to type 'number'.
src/services/reportService.ts(364,33): error TS2769: No overload matches this call.
  Overload 1 of 2, '(o: {}): string[]', gave the following error.
    Argument of type 'EmployeeReportRow | AttendanceReportRow | LeaveReportRow | PayrollReportRow | PerformanceReportRow | TrainingReportRow | undefined' is not assignable to parameter of type '{}'.
      Type 'undefined' is not assignable to type '{}'.
  Overload 2 of 2, '(o: object): string[]', gave the following error.
    Argument of type 'EmployeeReportRow | AttendanceReportRow | LeaveReportRow | PayrollReportRow | PerformanceReportRow | TrainingReportRow | undefined' is not assignable to parameter of type 'object'.
      Type 'undefined' is not assignable to type 'object'.
src/services/travelAllowanceService.ts(3,10): error TS2724: '"./geoTrackingService"' has no exported member named 'GeoTrackingService'. Did you mean 'geoTrackingService'?
src/services/travelAllowanceService.ts(25,11): error TS6133: 'geoTrackingService' is declared but its value is never read.
src/services/travelAllowanceService.ts(34,41): error TS4111: Property 'TRAVEL_ALLOWANCE_RATE_PER_KM' comes from an index signature, so it must be accessed with ['TRAVEL_ALLOWANCE_RATE_PER_KM'].
src/services/travelAllowanceService.ts(35,43): error TS4111: Property 'TRAVEL_ALLOWANCE_MIN_DISTANCE' comes from an index signature, so it must be accessed with ['TRAVEL_ALLOWANCE_MIN_DISTANCE'].
src/services/travelAllowanceService.ts(36,50): error TS4111: Property 'TRAVEL_ALLOWANCE_MAX_PER_DAY' comes from an index signature, so it must be accessed with ['TRAVEL_ALLOWANCE_MAX_PER_DAY'].
src/services/travelAllowanceService.ts(37,29): error TS4111: Property 'TRAVEL_ALLOWANCE_CURRENCY' comes from an index signature, so it must be accessed with ['TRAVEL_ALLOWANCE_CURRENCY'].
src/utils/circuitBreaker.ts(140,5): error TS2375: Type '{ state: CircuitBreakerState; failureCount: number; successCount: number; lastFailureTime: Date | undefined; lastSuccessTime: Date | undefined; totalRequests: number; totalFailures: number; totalSuccesses: number; }' is not assignable to type 'CircuitBreakerMetrics' with 'exactOptionalPropertyTypes: true'. Consider adding 'undefined' to the types of the target's properties.
  Types of property 'lastFailureTime' are incompatible.
    Type 'Date | undefined' is not assignable to type 'Date'.
      Type 'undefined' is not assignable to type 'Date'.
src/utils/circuitBreaker.ts(157,5): error TS2412: Type 'undefined' is not assignable to type 'Date' with 'exactOptionalPropertyTypes: true'. Consider adding 'undefined' to the type of the target.
src/utils/encryption.ts(10,7): error TS6133: 'AUTH_TAG_LENGTH' is declared but its value is never read.
src/utils/encryption.ts(17,27): error TS4111: Property 'ENCRYPTION_KEY' comes from an index signature, so it must be accessed with ['ENCRYPTION_KEY'].
src/utils/encryption.ts(65,28): error TS2769: No overload matches this call.
  Overload 1 of 4, '(arrayBuffer: WithImplicitCoercion<ArrayBufferLike>, byteOffset?: number | undefined, length?: number | undefined): Buffer<ArrayBufferLike>', gave the following error.
    Argument of type 'string | undefined' is not assignable to parameter of type 'WithImplicitCoercion<ArrayBufferLike>'.
      Type 'undefined' is not assignable to type 'WithImplicitCoercion<ArrayBufferLike>'.
  Overload 2 of 4, '(string: WithImplicitCoercion<string>, encoding?: BufferEncoding | undefined): Buffer<ArrayBuffer>', gave the following error.
    Argument of type 'string | undefined' is not assignable to parameter of type 'WithImplicitCoercion<string>'.
      Type 'undefined' is not assignable to type 'WithImplicitCoercion<string>'.
src/utils/encryption.ts(66,33): error TS2769: No overload matches this call.
  Overload 1 of 4, '(arrayBuffer: WithImplicitCoercion<ArrayBufferLike>, byteOffset?: number | undefined, length?: number | undefined): Buffer<ArrayBufferLike>', gave the following error.
    Argument of type 'string | undefined' is not assignable to parameter of type 'WithImplicitCoercion<ArrayBufferLike>'.
      Type 'undefined' is not assignable to type 'WithImplicitCoercion<ArrayBufferLike>'.
  Overload 2 of 4, '(string: WithImplicitCoercion<string>, encoding?: BufferEncoding | undefined): Buffer<ArrayBuffer>', gave the following error.
    Argument of type 'string | undefined' is not assignable to parameter of type 'WithImplicitCoercion<string>'.
      Type 'undefined' is not assignable to type 'WithImplicitCoercion<string>'.
src/utils/encryption.ts(72,37): error TS2769: No overload matches this call.
  Overload 1 of 4, '(data: ArrayBufferView<ArrayBufferLike>, inputEncoding: undefined, outputEncoding: Encoding): string', gave the following error.
    Argument of type 'string | undefined' is not assignable to parameter of type 'ArrayBufferView<ArrayBufferLike>'.
      Type 'undefined' is not assignable to type 'ArrayBufferView<ArrayBufferLike>'.
  Overload 2 of 4, '(data: string, inputEncoding: Encoding | undefined, outputEncoding: Encoding): string', gave the following error.
    Argument of type 'string | undefined' is not assignable to parameter of type 'string'.
      Type 'undefined' is not assignable to type 'string'.
src/utils/encryption.ts(73,5): error TS2322: Type 'string' is not assignable to type 'NonSharedBuffer & string'.
  Type 'string' is not assignable to type 'NonSharedBuffer'.
src/utils/fastCheckConfig.ts(15,14): error TS2375: Type '{ numRuns: number; maxSkipsPerRun: number; timeout: number; seed: undefined; verbose: false; interruptAfterTimeLimit: number; }' is not assignable to type 'Parameters<any>' with 'exactOptionalPropertyTypes: true'. Consider adding 'undefined' to the types of the target's properties.
  Types of property 'seed' are incompatible.
    Type 'undefined' is not assignable to type 'number'.
src/utils/fastCheckConfig.ts(68,16): error TS2724: '"C:/Users/kamal/Downloads/Pharma-ERP/node_modules/fast-check/lib/types/fast-check"' has no exported member named 'Property'. Did you mean 'property'?
src/utils/fastCheckConfig.ts(84,16): error TS2724: '"C:/Users/kamal/Downloads/Pharma-ERP/node_modules/fast-check/lib/types/fast-check"' has no exported member named 'Property'. Did you mean 'property'?
src/utils/fastCheckConfig.ts(100,16): error TS2724: '"C:/Users/kamal/Downloads/Pharma-ERP/node_modules/fast-check/lib/types/fast-check"' has no exported member named 'Property'. Did you mean 'property'?
src/utils/fastCheckConfig.ts(116,16): error TS2724: '"C:/Users/kamal/Downloads/Pharma-ERP/node_modules/fast-check/lib/types/fast-check"' has no exported member named 'Property'. Did you mean 'property'?
src/utils/fastCheckConfig.ts(133,16): error TS2724: '"C:/Users/kamal/Downloads/Pharma-ERP/node_modules/fast-check/lib/types/fast-check"' has no exported member named 'Property'. Did you mean 'property'?
src/utils/fastCheckConfig.ts(162,3): error TS2322: Type 'T | undefined' is not assignable to type 'T'.
  'T' could be instantiated with an arbitrary type which could be unrelated to 'T | undefined'.
src/utils/fastCheckConfig.ts(192,3): error TS2322: Type 'Arbitrary<any[]>' is not assignable to type 'Arbitrary<T>'.
  Type 'any[]' is not assignable to type 'T'.
    'any[]' is assignable to the constraint of type 'T', but 'T' could be instantiated with a different subtype of constraint 'any[]'.
src/utils/fastCheckConfig.ts(271,71): error TS2724: '"C:/Users/kamal/Downloads/Pharma-ERP/node_modules/fast-check/lib/types/fast-check"' has no exported member named 'Property'. Did you mean 'property'?
src/utils/fastCheckConfig.ts(280,71): error TS2724: '"C:/Users/kamal/Downloads/Pharma-ERP/node_modules/fast-check/lib/types/fast-check"' has no exported member named 'Property'. Did you mean 'property'?
src/utils/fastCheckConfig.ts(293,16): error TS2724: '"C:/Users/kamal/Downloads/Pharma-ERP/node_modules/fast-check/lib/types/fast-check"' has no exported member named 'Property'. Did you mean 'property'?
src/utils/fastCheckGenerators.ts(9,1): error TS6133: 'uuidv4' is declared but its value is never read.
src/utils/googleMapsClient.ts(178,14): error TS2532: Object is possibly 'undefined'.
src/utils/googleMapsClient.ts(206,19): error TS18048: 'result' is possibly 'undefined'.
src/utils/googleMapsClient.ts(207,20): error TS18048: 'result' is possibly 'undefined'.
src/utils/googleMapsClient.ts(209,18): error TS18048: 'result' is possibly 'undefined'.
src/utils/googleMapsClient.ts(274,9): error TS2532: Object is possibly 'undefined'.
src/utils/googleMapsClient.ts(274,44): error TS2532: Object is possibly 'undefined'.
src/utils/rbac.ts(116,3): error TS6133: 'employeeId' is declared but its value is never read.
src/utils/rbac.ts(127,15): error TS2322: Type 'string | undefined' is not assignable to type 'string'.
  Type 'undefined' is not assignable to type 'string'.
src/utils/rbac.ts(130,13): error TS2322: Type 'string | undefined' is not assignable to type 'string'.
  Type 'undefined' is not assignable to type 'string'.
src/utils/resilience.ts(9,34): error TS6133: 'isRetryableError' is declared but its value is never read.
src/utils/resilience.ts(9,52): error TS6133: 'RetryError' is declared but its value is never read.
src/utils/resilience.ts(125,5): error TS2375: Type '{ name: string; circuitBreakerState: CircuitBreakerState; totalAttempts: number; totalSuccesses: number; totalFailures: number; lastError: string | undefined; lastErrorTime: Date | undefined; }' is not assignable to type 'ResilienceMetrics' with 'exactOptionalPropertyTypes: true'. Consider adding 'undefined' to the types of the target's properties.
  Types of property 'lastError' are incompatible.
    Type 'string | undefined' is not assignable to type 'string'.
      Type 'undefined' is not assignable to type 'string'.
src/utils/resilience.ts(144,5): error TS2412: Type 'undefined' is not assignable to type 'Error' with 'exactOptionalPropertyTypes: true'. Consider adding 'undefined' to the type of the target.
src/utils/resilience.ts(145,5): error TS2412: Type 'undefined' is not assignable to type 'Date' with 'exactOptionalPropertyTypes: true'. Consider adding 'undefined' to the type of the target.
src/utils/retry.ts(181,5): error TS6133: 'target' is declared but its value is never read.
src/utils/retry.ts(182,5): error TS6133: 'propertyKey' is declared but its value is never read.
